#-----------------------------------------------------------
# Vivado v2024.2 (64-bit)
# SW Build 5239630 on Fri Nov 08 22:35:27 MST 2024
# IP Build 5239520 on Sun Nov 10 16:12:51 MST 2024
# SharedData Build 5239561 on Fri Nov 08 14:39:27 MST 2024
# Start of session at: Mon May 12 17:12:21 2025
# Process ID         : 40188
# Current directory  : C:/Users/Vidyadheesha M Pandurangi/Desktop/VD/Adhiyamaan College of Engineering/My CDIO Project Reports/Semester VI/Design and Simulation of a Synchronous FIFO Buffer/Synchronous_FIFO
# Command line       : vivado.exe -gui_launcher_event rodinguilauncherevent15824 C:\Users\Vidyadheesha M Pandurangi\Desktop\VD\Adhiyamaan College of Engineering\My CDIO Project Reports\Semester VI\Design and Simulation of a Synchronous FIFO Buffer\Synchronous_FIFO\Synchronous_FIFO.xpr
# Log file           : C:/Users/Vidyadheesha M Pandurangi/Desktop/VD/Adhiyamaan College of Engineering/My CDIO Project Reports/Semester VI/Design and Simulation of a Synchronous FIFO Buffer/Synchronous_FIFO/vivado.log
# Journal file       : C:/Users/Vidyadheesha M Pandurangi/Desktop/VD/Adhiyamaan College of Engineering/My CDIO Project Reports/Semester VI/Design and Simulation of a Synchronous FIFO Buffer/Synchronous_FIFO\vivado.jou
# Running On         : Vidyadheesha
# Platform           : Windows Server 2016 or Windows 10
# Operating System   : 26100
# Processor Detail   : 13th Gen Intel(R) Core(TM) i7-13650HX
# CPU Frequency      : 2803 MHz
# CPU Physical cores : 14
# CPU Logical cores  : 20
# Host memory        : 25463 MB
# Swap memory        : 1610 MB
# Total Virtual      : 27074 MB
# Available Virtual  : 10333 MB
#-----------------------------------------------------------
start_gui
open_project {C:/Users/Vidyadheesha M Pandurangi/Desktop/VD/Adhiyamaan College of Engineering/My CDIO Project Reports/Semester VI/Design and Simulation of a Synchronous FIFO Buffer/Synchronous_FIFO/Synchronous_FIFO.xpr}
update_compile_order -fileset sources_1
